resourceMetrics:
  - resource:
      attributes:
        - key: server.port
          value:
            stringValue: "8888"
        - key: service.instance.id
          value:
            stringValue: d23001b5-3ac2-46eb-85b6-3e434276b2b7
        - key: service.name
          value:
            stringValue: otelcol-contrib
        - key: service.version
          value:
            stringValue: 0.133.0
        - key: url.scheme
          value:
            stringValue: http
    scopeMetrics:
      - metrics:
          - description: The scraping was successful
            gauge:
              dataPoints:
                - asDouble: 1
                  timeUnixNano: "1000000"
            metadata:
              - key: prometheus.type
                value:
                  stringValue: gauge
            name: up
          - description: Duration of the scrape
            gauge:
              dataPoints:
                - asDouble: 0.005323833
                  timeUnixNano: "1000000"
            metadata:
              - key: prometheus.type
                value:
                  stringValue: gauge
            name: scrape_duration_seconds
            unit: s
          - description: Total physical memory (resident set size) [alpha]
            gauge:
              dataPoints:
                - asDouble: 1.74903296e+08
                  attributes:
                    - key: service.instance.id
                      value:
                        stringValue: d23001b5-3ac2-46eb-85b6-3e434276b2b7
                    - key: service.name
                      value:
                        stringValue: otelcol-contrib
                    - key: service.version
                      value:
                        stringValue: 0.133.0
                  timeUnixNano: "1000000"
            metadata:
              - key: prometheus.type
                value:
                  stringValue: gauge
            name: otelcol_process_memory_rss
          - description: Total number of internal errors encountered by the promhttp metric handler.
            metadata:
              - key: prometheus.type
                value:
                  stringValue: counter
            name: promhttp_metric_handler_errors_total
            sum:
              aggregationTemporality: 2
              dataPoints:
                - asDouble: 0
                  attributes:
                    - key: cause
                      value:
                        stringValue: encoding
                  startTimeUnixNano: "1000000"
                  timeUnixNano: "1000000"
                - asDouble: 0
                  attributes:
                    - key: cause
                      value:
                        stringValue: gathering
                  startTimeUnixNano: "1000000"
                  timeUnixNano: "1000000"
              isMonotonic: true
          - description: The number of samples the target exposed
            gauge:
              dataPoints:
                - asDouble: 9
                  timeUnixNano: "1000000"
            metadata:
              - key: prometheus.type
                value:
                  stringValue: gauge
            name: scrape_samples_scraped
          - description: The number of samples remaining after metric relabeling was applied
            gauge:
              dataPoints:
                - asDouble: 9
                  timeUnixNano: "1000000"
            metadata:
              - key: prometheus.type
                value:
                  stringValue: gauge
            name: scrape_samples_post_metric_relabeling
          - description: The approximate number of new series in this scrape
            gauge:
              dataPoints:
                - asDouble: 9
                  timeUnixNano: "1000000"
            metadata:
              - key: prometheus.type
                value:
                  stringValue: gauge
            name: scrape_series_added
          - description: Total CPU user and system time in seconds [alpha]
            metadata:
              - key: prometheus.type
                value:
                  stringValue: counter
            name: otelcol_process_cpu_seconds
            sum:
              aggregationTemporality: 2
              dataPoints:
                - asDouble: 0.09
                  attributes:
                    - key: service.instance.id
                      value:
                        stringValue: d23001b5-3ac2-46eb-85b6-3e434276b2b7
                    - key: service.name
                      value:
                        stringValue: otelcol-contrib
                    - key: service.version
                      value:
                        stringValue: 0.133.0
                  startTimeUnixNano: "1000000"
                  timeUnixNano: "1000000"
              isMonotonic: true
          - description: Bytes of allocated heap objects (see 'go doc runtime.MemStats.HeapAlloc') [alpha]
            gauge:
              dataPoints:
                - asDouble: 1.7492368e+07
                  attributes:
                    - key: service.instance.id
                      value:
                        stringValue: d23001b5-3ac2-46eb-85b6-3e434276b2b7
                    - key: service.name
                      value:
                        stringValue: otelcol-contrib
                    - key: service.version
                      value:
                        stringValue: 0.133.0
                  timeUnixNano: "1000000"
            metadata:
              - key: prometheus.type
                value:
                  stringValue: gauge
            name: otelcol_process_runtime_heap_alloc_bytes
          - description: Cumulative bytes allocated for heap objects (see 'go doc runtime.MemStats.TotalAlloc') [alpha]
            metadata:
              - key: prometheus.type
                value:
                  stringValue: counter
            name: otelcol_process_runtime_total_alloc_bytes
            sum:
              aggregationTemporality: 2
              dataPoints:
                - asDouble: 3.1338e+07
                  attributes:
                    - key: service.instance.id
                      value:
                        stringValue: d23001b5-3ac2-46eb-85b6-3e434276b2b7
                    - key: service.name
                      value:
                        stringValue: otelcol-contrib
                    - key: service.version
                      value:
                        stringValue: 0.133.0
                  startTimeUnixNano: "1000000"
                  timeUnixNano: "1000000"
              isMonotonic: true
          - description: Total bytes of memory obtained from the OS (see 'go doc runtime.MemStats.Sys') [alpha]
            gauge:
              dataPoints:
                - asDouble: 3.6787464e+07
                  attributes:
                    - key: service.instance.id
                      value:
                        stringValue: d23001b5-3ac2-46eb-85b6-3e434276b2b7
                    - key: service.name
                      value:
                        stringValue: otelcol-contrib
                    - key: service.version
                      value:
                        stringValue: 0.133.0
                  timeUnixNano: "1000000"
            metadata:
              - key: prometheus.type
                value:
                  stringValue: gauge
            name: otelcol_process_runtime_total_sys_memory_bytes
          - description: Uptime of the process [alpha]
            metadata:
              - key: prometheus.type
                value:
                  stringValue: counter
            name: otelcol_process_uptime
            sum:
              aggregationTemporality: 2
              dataPoints:
                - asDouble: 6.868990629
                  attributes:
                    - key: service.instance.id
                      value:
                        stringValue: d23001b5-3ac2-46eb-85b6-3e434276b2b7
                    - key: service.name
                      value:
                        stringValue: otelcol-contrib
                    - key: service.version
                      value:
                        stringValue: 0.133.0
                  startTimeUnixNano: "1000000"
                  timeUnixNano: "1000000"
              isMonotonic: true
        scope:
          name: github.com/open-telemetry/opentelemetry-collector-contrib/receiver/prometheusreceiver
          version: 0.133.0
